// Jest Snapshot v1, https://goo.gl/fbAQLP

exports[`TagInput component should match with a snapshot 1`] = `
<div
  className="row"
>
  <button
    className="btn btn-white"
    disabled={false}
    onClick={[Function]}
    type="button"
  >
    <svg
      className="css-i6dzq1"
      fill="none"
      height="24"
      stroke="currentColor"
      strokeLinecap="round"
      strokeLinejoin="round"
      strokeWidth="2"
      viewBox="0 0 24 24"
      width="24"
    >
      <path
        d="M12 5L12 19"
      />
      <path
        d="M5 12L19 12"
      />
    </svg>
  </button>
</div>
`;
