// Jest Snapshot v1, https://goo.gl/fbAQLP

exports[`Expander component should match with a snapshot 1`] = `
<div
  className="accordion"
  data-test="accordion-item"
>
  <button
    className="btn btn-expander"
    data-test="expander-button"
    disabled={false}
    onClick={[Function]}
    style={
      Object {
        "border": "none",
        "fontWeight": 500,
        "width": "100%",
      }
    }
    type="Button"
  >
    <div
      style={
        Object {
          "display": "flex",
          "flexDirection": "row",
          "justifyContent": "space-between",
        }
      }
    >
      <div
        style={
          Object {
            "display": "block",
          }
        }
      >
        <i
          data-feather="chevron-down"
        />
      </div>
      <div
        style={
          Object {
            "display": "none",
          }
        }
      >
        <i
          data-feather="chevron-right"
        />
      </div>
    </div>
  </button>
  <div
    aria-expanded={null}
    className="collapse"
  >
    <div
      className="container"
      style={
        Object {
          "paddingBottom": "0",
        }
      }
    />
  </div>
</div>
`;
